kotlin version: 2.2.10
error message: java.lang.OutOfMemoryError: GC overhead limit exceeded
	at kotlin.collections.builders.MapBuilder.keysIterator$kotlin_stdlib(MapBuilder.kt:488)
	at kotlin.collections.builders.SetBuilder.iterator(SetBuilder.kt:42)
	at org.jetbrains.kotlin.resolve.calls.inference.components.ConstraintInjector.recordReferencesOfOtherTypeVariableInConstraint(ConstraintInjector.kt:206)
	at org.jetbrains.kotlin.resolve.calls.inference.components.ConstraintInjector.processGivenConstraints(ConstraintInjector.kt:192)
	at org.jetbrains.kotlin.resolve.calls.inference.components.ConstraintInjector.processConstraintsIgnoringForksData(ConstraintInjector.kt:164)
	at org.jetbrains.kotlin.resolve.calls.inference.components.ConstraintInjector.processConstraints(ConstraintInjector.kt:144)
	at org.jetbrains.kotlin.resolve.calls.inference.components.ConstraintInjector.addSubTypeConstraintAndIncorporateIt(ConstraintInjector.kt:109)
	at org.jetbrains.kotlin.resolve.calls.inference.components.ConstraintInjector.addInitialSubtypeConstraint(ConstraintInjector.kt:67)
	at org.jetbrains.kotlin.resolve.calls.inference.model.NewConstraintSystemImpl.addSubtypeConstraint(NewConstraintSystemImpl.kt:211)
	at org.jetbrains.kotlin.resolve.calls.inference.ConstraintSystemBuilderKt.addConstraintIfCompatible(ConstraintSystemBuilder.kt:114)
	at org.jetbrains.kotlin.resolve.calls.inference.ConstraintSystemBuilderKt.addSubtypeConstraintIfCompatible(ConstraintSystemBuilder.kt:98)
	at org.jetbrains.kotlin.fir.resolve.calls.stages.ArgumentCheckingProcessor.checkApplicabilityForArgumentType(ArgumentCheckingProcessor.kt:275)
	at org.jetbrains.kotlin.fir.resolve.calls.stages.ArgumentCheckingProcessor.resolvePlainArgumentType(ArgumentCheckingProcessor.kt:207)
	at org.jetbrains.kotlin.fir.resolve.calls.stages.ArgumentCheckingProcessor.resolvePlainArgumentType$default(ArgumentCheckingProcessor.kt:177)
	at org.jetbrains.kotlin.fir.resolve.calls.stages.ArgumentCheckingProcessor.resolvePlainArgumentType(ArgumentCheckingProcessor.kt:94)
	at org.jetbrains.kotlin.fir.resolve.calls.stages.CheckExtensionReceiver.resolveExtensionReceiver(ResolutionStages.kt:106)
	at org.jetbrains.kotlin.fir.resolve.calls.stages.CheckExtensionReceiver.check(ResolutionStages.kt:83)
	at org.jetbrains.kotlin.fir.resolve.calls.stages.ResolutionStageRunner$processCandidate$1.invokeSuspend(ResolutionStageRunner.kt:29)
	at kotlin.coroutines.jvm.internal.BaseContinuationImpl.resumeWith(ContinuationImpl.kt:33)
	at org.jetbrains.kotlin.fir.resolve.calls.stages.ResolutionStageRunner.processCandidate(ResolutionStageRunner.kt:42)
	at org.jetbrains.kotlin.fir.resolve.calls.stages.ResolutionStageRunner.processCandidate$default(ResolutionStageRunner.kt:19)
	at org.jetbrains.kotlin.fir.resolve.calls.candidate.CandidateCollector.consumeCandidate(CandidateCollector.kt:40)
	at org.jetbrains.kotlin.fir.resolve.calls.tower.TowerLevelProcessor.consumeCandidate(TowerLevelHandler.kt:90)
	at org.jetbrains.kotlin.fir.resolve.calls.tower.TowerLevelProcessor.consumeCandidate$default(TowerLevelHandler.kt:82)
	at org.jetbrains.kotlin.fir.resolve.calls.tower.ScopeBasedTowerLevel.consumeCallableCandidate(TowerLevels.kt:459)
	at org.jetbrains.kotlin.fir.resolve.calls.tower.ScopeBasedTowerLevel.processFunctionsByName$lambda$6(TowerLevels.kt:482)
	at org.jetbrains.kotlin.fir.resolve.calls.tower.ScopeBasedTowerLevel$$Lambda/0x0000000800784958.invoke(Unknown Source)
	at org.jetbrains.kotlin.fir.scopes.impl.FirAbstractImportingScope.processFunctionsByName(FirAbstractImportingScope.kt:186)
	at org.jetbrains.kotlin.fir.scopes.impl.FirAbstractStarImportingScope.processFunctionsByName(FirAbstractStarImportingScope.kt:53)
	at org.jetbrains.kotlin.fir.resolve.calls.ConstructorProcessingKt.processFunctionsAndConstructorsByName(ConstructorProcessing.kt:80)
	at org.jetbrains.kotlin.fir.resolve.calls.tower.ScopeBasedTowerLevel.processFunctionsByName(TowerLevels.kt:474)
	at org.jetbrains.kotlin.fir.resolve.calls.tower.TowerLevelHandler.handleLevel(TowerLevelHandler.kt:61)


